com/ego/ethicai/dto/AIResponseDTO$AIResponseDTOBuilder.class
com/ego/ethicai/enums/AuthProvider.class
com/ego/ethicai/dto/scenario/ScenarioChoiceResponseDTO.class
com/ego/ethicai/dto/practice/DecisionTreeStepDTO$DecisionTreeStepDTOBuilder.class
com/ego/ethicai/enums/ManagerTypes.class
com/ego/ethicai/dto/PracticeSessionDataDTO.class
com/ego/ethicai/service/Impl/FeedbackServiceImpl.class
com/ego/ethicai/service/Impl/ConversationServiceImpl.class
com/ego/ethicai/dto/ConversationRequestDTO$ConversationRequestDTOBuilder.class
com/ego/ethicai/service/Impl/AIServiceImpl.class
com/ego/ethicai/service/AgentServiceClient.class
com/ego/ethicai/service/ConversationContentService.class
com/ego/ethicai/dto/FeedbackResponseDTO$FeedbackResponseDTOBuilder.class
com/ego/ethicai/service/ScenarioServiceImpl.class
com/ego/ethicai/security/CustomUserDetails.class
com/ego/ethicai/service/PracticeScoreService.class
com/ego/ethicai/dto/OauthLoginRequestDTO$OauthLoginRequestDTOBuilder.class
com/ego/ethicai/dto/UserResponseDTO.class
com/ego/ethicai/entity/PracticeScore.class
com/ego/ethicai/dto/practice/PracticeSessionRequestDTO.class
com/ego/ethicai/service/ScenarioServiceImpl$ScenarioSession.class
com/ego/ethicai/controller/DebugController.class
com/ego/ethicai/dto/LoginResponseDTO.class
com/ego/ethicai/dto/ManagerTypeQuizRequestDTO$QuizResponse.class
com/ego/ethicai/dto/PracticeScoreRequestDTO.class
com/ego/ethicai/entity/User.class
com/ego/ethicai/dto/SaveMessageRequestDTO$SaveMessageRequestDTOBuilder.class
com/ego/ethicai/dto/scenario/ScenarioChoiceRequestDTO$ScenarioChoiceRequestDTOBuilder.class
com/ego/ethicai/dto/agent/AgentArtifactRequestDTO.class
com/ego/ethicai/enums/AccountTypes.class
com/ego/ethicai/dto/ConversationRequestDTO.class
com/ego/ethicai/dto/PracticeScoreResponseDTO.class
com/ego/ethicai/dto/ConversationContentResponseDTO$ConversationContentResponseDTOBuilder.class
com/ego/ethicai/dto/UserOAuthDTO.class
com/ego/ethicai/entity/ConversationContent$ConversationContentBuilder.class
com/ego/ethicai/entity/PracticeTacticsFlag.class
com/ego/ethicai/service/ScenarioService.class
com/ego/ethicai/dto/ManagerTypeQuizRequestDTO.class
com/ego/ethicai/dto/RegisterResponseDTO.class
com/ego/ethicai/service/Impl/ActivationTokenServiceImpl.class
com/ego/ethicai/dto/UserDTO.class
com/ego/ethicai/entity/RagArtifact$RagArtifactBuilder.class
it/gdorsi/openaiclient/dto/ThreadResponseDTO.class
com/ego/ethicai/dto/FeedbackResponseDTO.class
it/gdorsi/openaiclient/dto/MessagesListResponseDTO.class
com/ego/ethicai/dto/UserOAuthDTO$UserOAuthDTOBuilder.class
com/ego/ethicai/service/Impl/PracticeSessionServiceImpl.class
com/ego/ethicai/service/ConversationService.class
com/ego/ethicai/config/SecurityConfig.class
it/gdorsi/openaiclient/dto/MessageResponseDTO$Content.class
com/ego/ethicai/dto/UserResponseDTO$UserResponseDTOBuilder.class
com/ego/ethicai/dto/LoginRequestDTO$LoginRequestDTOBuilder.class
com/ego/ethicai/entity/ActivationToken$ActivationTokenBuilder.class
com/ego/ethicai/controller/ScenarioController.class
com/ego/ethicai/repository/PracticeSessionChoiceRepository.class
com/ego/ethicai/exception/BaseException.class
com/ego/ethicai/entity/RagArtifact.class
com/ego/ethicai/controller/UserController.class
com/ego/ethicai/service/UserService.class
com/ego/ethicai/controller/RagArtifactController.class
com/ego/ethicai/security/jwt/JwtUtil.class
it/gdorsi/openaiclient/model/GPTModel.class
com/ego/ethicai/config/OAuth2LoginFailureHandler.class
it/gdorsi/openaiclient/dto/RunResponseDTO.class
com/ego/ethicai/repository/PracticeScoreRepository.class
com/ego/ethicai/dto/ManagerTypeQuizRequestDTO$QuizResponse$QuizResponseBuilder.class
com/ego/ethicai/client/AgentServiceClient.class
it/gdorsi/openaiclient/dto/RunRequestDTO.class
com/ego/ethicai/service/AIService.class
com/ego/ethicai/service/FeedbackService.class
com/ego/ethicai/controller/AuthenticationController.class
com/ego/ethicai/service/RagArtifactService.class
com/ego/ethicai/service/Impl/CustomOAuth2UserService.class
com/ego/ethicai/controller/HealthController.class
com/ego/ethicai/service/Impl/ConversationContentServiceImpl.class
com/ego/ethicai/dto/practice/PracticeSessionResponseDTO.class
com/ego/ethicai/dto/ActivationRequestDTO$ActivationRequestDTOBuilder.class
com/ego/ethicai/dto/ManagerTypeQuizResponseDTO.class
com/ego/ethicai/entity/PracticeScore$PracticeScoreBuilder.class
com/ego/ethicai/dto/practice/DecisionTreeStepDTO.class
com/ego/ethicai/config/OAuth2LoginSuccessHandler.class
com/ego/ethicai/exception/AccountNotFoundException.class
it/gdorsi/openaiclient/dto/AssistantRequestDTO.class
com/ego/ethicai/service/AuthService.class
com/ego/ethicai/dto/RagArtifactsResponseDTO.class
com/ego/ethicai/dto/practice/DecisionTreeAlternativeDTO$DecisionTreeAlternativeDTOBuilder.class
com/ego/ethicai/entity/Conversation.class
com/ego/ethicai/dto/RagArtifactDTO.class
com/ego/ethicai/entity/User$UserBuilder.class
com/ego/ethicai/repository/PracticeSessionRepository.class
com/ego/ethicai/dto/practice/DecisionTreeDataDTO.class
com/ego/ethicai/dto/agent/AgentArtifactResponseDTO.class
com/ego/ethicai/dto/OauthLoginRequestDTO.class
com/ego/ethicai/controller/PracticeController.class
com/ego/ethicai/config/AppConfig.class
com/ego/ethicai/entity/PracticeSession$PracticeSessionBuilder.class
com/ego/ethicai/config/CurrentUserArgumentResolver.class
com/ego/ethicai/entity/ActivationToken.class
com/ego/ethicai/dto/ConversationResponseDTO.class
com/ego/ethicai/dto/ConversationResponseDTO$ConversationResponseDTOBuilder.class
com/ego/ethicai/dto/ManagerTypeQuizResponseDTO$ManagerTypeQuizResponseDTOBuilder.class
com/ego/ethicai/repository/UserRepository.class
com/ego/ethicai/service/RagArtifactService$1.class
com/ego/ethicai/security/jwt/JwtAuthenticationEntryPoint.class
com/ego/ethicai/dto/practice/PracticeChoiceDTO.class
com/ego/ethicai/dto/practice/DecisionTreeDataDTO$DecisionTreeDataDTOBuilder.class
it/gdorsi/openaiclient/Main.class
com/ego/ethicai/dto/RagArtifactDTO$RagArtifactDTOBuilder.class
it/gdorsi/openaiclient/AssistantAIClient.class
it/gdorsi/openaiclient/dto/MessageDTO.class
com/ego/ethicai/dto/agent/AgentArtifactRequestDTO$AgentArtifactRequestDTOBuilder.class
com/ego/ethicai/dto/scenario/ScenarioSessionResponseDTO$ScenarioSessionResponseDTOBuilder.class
com/ego/ethicai/controller/ConversationController.class
com/ego/ethicai/entity/PracticeSessionChoice$PracticeSessionChoiceBuilder.class
com/ego/ethicai/dto/scenario/ScenarioChoiceResponseDTO$ScenarioChoiceResponseDTOBuilder.class
com/ego/ethicai/dto/scenario/ScenarioSessionRequestDTO.class
com/ego/ethicai/util/EmailUtil.class
it/gdorsi/openaiclient/dto/AssistantResponseDTO.class
com/ego/ethicai/entity/PracticeSessionChoice.class
com/ego/ethicai/repository/ConversationRepository.class
com/ego/ethicai/service/Impl/UserServiceImpl.class
com/ego/ethicai/dto/scenario/ScenarioSessionResponseDTO.class
com/ego/ethicai/repository/ActivationTokenRepository.class
com/ego/ethicai/dto/FeedbackRequestDTO.class
com/ego/ethicai/dto/PracticeScoreRequestDTO$PracticeScoreRequestDTOBuilder.class
com/ego/ethicai/dto/practice/PracticeSessionResponseDTO$PracticeSessionResponseDTOBuilder.class
com/ego/ethicai/dto/ConversationContentRequestDTO.class
com/ego/ethicai/controller/FeedbackController.class
com/ego/ethicai/dto/agent/AgentArtifactItemDTO.class
com/ego/ethicai/dto/PracticeScoreResponseDTO$PracticeScoreResponseDTOBuilder.class
com/ego/ethicai/service/PracticeSessionService.class
com/ego/ethicai/repository/RagArtifactRepository.class
com/ego/ethicai/service/Impl/PracticeScoreServiceImpl.class
com/ego/ethicai/controller/PracticeScoreController.class
com/ego/ethicai/dto/ConversationContentRequestDTO$ConversationContentRequestDTOBuilder.class
com/ego/ethicai/dto/AIRequestDTO.class
com/ego/ethicai/exception/ResourceNotFoundException.class
com/ego/ethicai/config/SwaggerConfig.class
com/ego/ethicai/dto/request/ConversationCreationRequest.class
com/ego/ethicai/dto/UserDTO$UserDTOBuilder.class
com/ego/ethicai/BackendApplication.class
com/ego/ethicai/config/WebMvcConfig.class
com/ego/ethicai/entity/Conversation$ConversationBuilder.class
com/ego/ethicai/dto/practice/SelectionDataDTO.class
com/ego/ethicai/dto/practice/DecisionTreeAlternativeDTO.class
com/ego/ethicai/dto/RagArtifactsRequestDTO.class
com/ego/ethicai/dto/ActivationResponseDTO.class
com/ego/ethicai/util/DateUtil.class
com/ego/ethicai/dto/scenario/ScenarioSessionRequestDTO$ScenarioSessionRequestDTOBuilder.class
com/ego/ethicai/controller/ManagerTypeQuizController.class
com/ego/ethicai/controller/ConversationController$UpdateTitleRequest.class
com/ego/ethicai/dto/RegisterRequestDTO.class
com/ego/ethicai/controller/ConversationContentController.class
com/ego/ethicai/service/ActivationTokenService.class
com/ego/ethicai/dto/LoginResponseDTO$LoginResponseDTOBuilder.class
com/ego/ethicai/entity/RagArtifact$ArtifactType.class
com/ego/ethicai/exception/UserNotFoundException.class
com/ego/ethicai/dto/AIResponseDTO.class
com/ego/ethicai/security/CurrentUser.class
com/ego/ethicai/dto/practice/PracticeSessionRequestDTO$PracticeSessionRequestDTOBuilder.class
com/ego/ethicai/entity/Feedback.class
com/ego/ethicai/dto/ManagerTypeQuizRequestDTO$ManagerTypeQuizRequestDTOBuilder.class
com/ego/ethicai/repository/FeedbackRepository.class
com/ego/ethicai/dto/practice/SelectionDataDTO$SelectionDataDTOBuilder.class
com/ego/ethicai/dto/SaveMessageRequestDTO.class
com/ego/ethicai/entity/Feedback$FeedbackBuilder.class
com/ego/ethicai/dto/ActivationResponseDTO$ActivationResponseDTOBuilder.class
com/ego/ethicai/dto/PracticeSessionDataDTO$PracticeResponseDTO.class
com/ego/ethicai/entity/ConversationContent.class
com/ego/ethicai/dto/ConversationContentResponseDTO.class
com/ego/ethicai/repository/ConversationContentRepository.class
com/ego/ethicai/dto/scenario/ScenarioChoiceRequestDTO.class
com/ego/ethicai/security/jwt/JwtRequestFilter.class
com/ego/ethicai/repository/PracticeTacticsFlagRepository.class
com/ego/ethicai/entity/PracticeTacticsFlag$PracticeTacticsFlagBuilder.class
it/gdorsi/openaiclient/dto/MessageResponseDTO$Content$Text.class
com/ego/ethicai/config/PasswordEncoder.class
com/ego/ethicai/service/Impl/AuthServiceImpl.class
com/ego/ethicai/dto/RagArtifactsRequestDTO$RagArtifactsRequestDTOBuilder.class
com/ego/ethicai/dto/LoginRequestDTO.class
com/ego/ethicai/dto/ActivationRequestDTO.class
com/ego/ethicai/service/EvaLLMClient.class
it/gdorsi/openaiclient/dto/MessageResponseDTO.class
com/ego/ethicai/dto/RagArtifactsResponseDTO$RagArtifactsResponseDTOBuilder.class
com/ego/ethicai/dto/practice/PracticeChoiceDTO$PracticeChoiceDTOBuilder.class
it/gdorsi/openaiclient/dto/ThreadDTO.class
com/ego/ethicai/dto/FeedbackRequestDTO$FeedbackRequestDTOBuilder.class
com/ego/ethicai/entity/PracticeSession.class
