/Users/laurenolson/Documents/phd/EVA/backend/src/main/java/com/ego/ethicai/controller/FeedbackController.java
/Users/laurenolson/Documents/phd/EVA/backend/src/main/java/com/ego/ethicai/dto/OauthLoginRequestDTO.java
/Users/laurenolson/Documents/phd/EVA/backend/src/main/java/com/ego/ethicai/repository/ConversationRepository.java
/Users/laurenolson/Documents/phd/EVA/backend/src/main/java/com/ego/ethicai/dto/RegisterRequestDTO.java
/Users/laurenolson/Documents/phd/EVA/backend/src/main/java/com/ego/ethicai/service/Impl/FeedbackServiceImpl.java
/Users/laurenolson/Documents/phd/EVA/backend/src/main/java/it/gdorsi/openaiclient/dto/AssistantRequestDTO.java
/Users/laurenolson/Documents/phd/EVA/backend/src/main/java/com/ego/ethicai/service/Impl/CustomOAuth2UserService.java
/Users/laurenolson/Documents/phd/EVA/backend/src/main/java/it/gdorsi/openaiclient/dto/ThreadDTO.java
/Users/laurenolson/Documents/phd/EVA/backend/src/main/java/com/ego/ethicai/security/CurrentUser.java
/Users/laurenolson/Documents/phd/EVA/backend/src/main/java/com/ego/ethicai/dto/scenario/ScenarioChoiceResponseDTO.java
/Users/laurenolson/Documents/phd/EVA/backend/src/main/java/com/ego/ethicai/service/AuthService.java
/Users/laurenolson/Documents/phd/EVA/backend/src/main/java/com/ego/ethicai/dto/SaveMessageRequestDTO.java
/Users/laurenolson/Documents/phd/EVA/backend/src/main/java/com/ego/ethicai/config/WebMvcConfig.java
/Users/laurenolson/Documents/phd/EVA/backend/src/main/java/com/ego/ethicai/service/AIService.java
/Users/laurenolson/Documents/phd/EVA/backend/src/main/java/com/ego/ethicai/config/AppConfig.java
/Users/laurenolson/Documents/phd/EVA/backend/src/main/java/com/ego/ethicai/enums/AuthProvider.java
/Users/laurenolson/Documents/phd/EVA/backend/src/main/java/com/ego/ethicai/service/FeedbackService.java
/Users/laurenolson/Documents/phd/EVA/backend/src/main/java/it/gdorsi/openaiclient/dto/AssistantResponseDTO.java
/Users/laurenolson/Documents/phd/EVA/backend/src/main/java/com/ego/ethicai/service/ScenarioServiceImpl.java
/Users/laurenolson/Documents/phd/EVA/backend/src/main/java/com/ego/ethicai/dto/agent/AgentArtifactRequestDTO.java
/Users/laurenolson/Documents/phd/EVA/backend/src/main/java/it/gdorsi/openaiclient/Main.java
/Users/laurenolson/Documents/phd/EVA/backend/src/main/java/com/ego/ethicai/dto/practice/DecisionTreeDataDTO.java
/Users/laurenolson/Documents/phd/EVA/backend/src/main/java/it/gdorsi/openaiclient/dto/MessageResponseDTO.java
/Users/laurenolson/Documents/phd/EVA/backend/src/main/java/com/ego/ethicai/dto/practice/SelectionDataDTO.java
/Users/laurenolson/Documents/phd/EVA/backend/src/main/java/com/ego/ethicai/service/ScenarioService.java
/Users/laurenolson/Documents/phd/EVA/backend/src/main/java/com/ego/ethicai/repository/ActivationTokenRepository.java
/Users/laurenolson/Documents/phd/EVA/backend/src/main/java/com/ego/ethicai/exception/UserNotFoundException.java
/Users/laurenolson/Documents/phd/EVA/backend/src/main/java/com/ego/ethicai/service/PracticeSessionService.java
/Users/laurenolson/Documents/phd/EVA/backend/src/main/java/com/ego/ethicai/BackendApplication.java
/Users/laurenolson/Documents/phd/EVA/backend/src/main/java/com/ego/ethicai/dto/scenario/ScenarioSessionResponseDTO.java
/Users/laurenolson/Documents/phd/EVA/backend/src/main/java/com/ego/ethicai/service/UserService.java
/Users/laurenolson/Documents/phd/EVA/backend/src/main/java/com/ego/ethicai/dto/FeedbackRequestDTO.java
/Users/laurenolson/Documents/phd/EVA/backend/src/main/java/com/ego/ethicai/dto/LoginResponseDTO.java
/Users/laurenolson/Documents/phd/EVA/backend/src/main/java/com/ego/ethicai/dto/FeedbackResponseDTO.java
/Users/laurenolson/Documents/phd/EVA/backend/src/main/java/com/ego/ethicai/dto/request/ConversationCreationRequest.java
/Users/laurenolson/Documents/phd/EVA/backend/src/main/java/com/ego/ethicai/dto/ConversationContentRequestDTO.java
/Users/laurenolson/Documents/phd/EVA/backend/src/main/java/com/ego/ethicai/security/jwt/JwtUtil.java
/Users/laurenolson/Documents/phd/EVA/backend/src/main/java/com/ego/ethicai/controller/ManagerTypeQuizController.java
/Users/laurenolson/Documents/phd/EVA/backend/src/main/java/com/ego/ethicai/service/Impl/PracticeSessionServiceImpl.java
/Users/laurenolson/Documents/phd/EVA/backend/src/main/java/com/ego/ethicai/exception/AccountNotFoundException.java
/Users/laurenolson/Documents/phd/EVA/backend/src/main/java/com/ego/ethicai/service/PracticeScoreService.java
/Users/laurenolson/Documents/phd/EVA/backend/src/main/java/com/ego/ethicai/dto/PracticeScoreRequestDTO.java
/Users/laurenolson/Documents/phd/EVA/backend/src/main/java/com/ego/ethicai/security/jwt/JwtAuthenticationEntryPoint.java
/Users/laurenolson/Documents/phd/EVA/backend/src/main/java/it/gdorsi/openaiclient/dto/MessagesListResponseDTO.java
/Users/laurenolson/Documents/phd/EVA/backend/src/main/java/com/ego/ethicai/dto/agent/AgentArtifactItemDTO.java
/Users/laurenolson/Documents/phd/EVA/backend/src/main/java/com/ego/ethicai/controller/AuthenticationController.java
/Users/laurenolson/Documents/phd/EVA/backend/src/main/java/com/ego/ethicai/controller/UserController.java
/Users/laurenolson/Documents/phd/EVA/backend/src/main/java/com/ego/ethicai/dto/practice/PracticeSessionResponseDTO.java
/Users/laurenolson/Documents/phd/EVA/backend/src/main/java/com/ego/ethicai/entity/PracticeSession.java
/Users/laurenolson/Documents/phd/EVA/backend/src/main/java/com/ego/ethicai/dto/agent/AgentArtifactResponseDTO.java
/Users/laurenolson/Documents/phd/EVA/backend/src/main/java/com/ego/ethicai/controller/PracticeController.java
/Users/laurenolson/Documents/phd/EVA/backend/src/main/java/com/ego/ethicai/dto/RegisterResponseDTO.java
/Users/laurenolson/Documents/phd/EVA/backend/src/main/java/com/ego/ethicai/dto/PracticeSessionDataDTO.java
/Users/laurenolson/Documents/phd/EVA/backend/src/main/java/com/ego/ethicai/enums/AccountTypes.java
/Users/laurenolson/Documents/phd/EVA/backend/src/main/java/com/ego/ethicai/dto/UserOAuthDTO.java
/Users/laurenolson/Documents/phd/EVA/backend/src/main/java/com/ego/ethicai/config/OAuth2LoginFailureHandler.java
/Users/laurenolson/Documents/phd/EVA/backend/src/main/java/com/ego/ethicai/entity/ConversationContent.java
/Users/laurenolson/Documents/phd/EVA/backend/src/main/java/com/ego/ethicai/client/AgentServiceClient.java
/Users/laurenolson/Documents/phd/EVA/backend/src/main/java/com/ego/ethicai/entity/PracticeScore.java
/Users/laurenolson/Documents/phd/EVA/backend/src/main/java/com/ego/ethicai/dto/AIRequestDTO.java
/Users/laurenolson/Documents/phd/EVA/backend/src/main/java/com/ego/ethicai/config/PasswordEncoder.java
/Users/laurenolson/Documents/phd/EVA/backend/src/main/java/com/ego/ethicai/service/RagArtifactService.java
/Users/laurenolson/Documents/phd/EVA/backend/src/main/java/com/ego/ethicai/dto/ManagerTypeQuizRequestDTO.java
/Users/laurenolson/Documents/phd/EVA/backend/src/main/java/com/ego/ethicai/security/CustomUserDetails.java
/Users/laurenolson/Documents/phd/EVA/backend/src/main/java/com/ego/ethicai/controller/RagArtifactController.java
/Users/laurenolson/Documents/phd/EVA/backend/src/main/java/com/ego/ethicai/repository/FeedbackRepository.java
/Users/laurenolson/Documents/phd/EVA/backend/src/main/java/com/ego/ethicai/dto/UserResponseDTO.java
/Users/laurenolson/Documents/phd/EVA/backend/src/main/java/com/ego/ethicai/entity/User.java
/Users/laurenolson/Documents/phd/EVA/backend/src/main/java/com/ego/ethicai/entity/PracticeSessionChoice.java
/Users/laurenolson/Documents/phd/EVA/backend/src/main/java/com/ego/ethicai/entity/ActivationToken.java
/Users/laurenolson/Documents/phd/EVA/backend/src/main/java/com/ego/ethicai/dto/ConversationContentResponseDTO.java
/Users/laurenolson/Documents/phd/EVA/backend/src/main/java/com/ego/ethicai/repository/ConversationContentRepository.java
/Users/laurenolson/Documents/phd/EVA/backend/src/main/java/com/ego/ethicai/service/Impl/ActivationTokenServiceImpl.java
/Users/laurenolson/Documents/phd/EVA/backend/src/main/java/com/ego/ethicai/controller/ScenarioController.java
/Users/laurenolson/Documents/phd/EVA/backend/src/main/java/com/ego/ethicai/util/EmailUtil.java
/Users/laurenolson/Documents/phd/EVA/backend/src/main/java/com/ego/ethicai/repository/RagArtifactRepository.java
/Users/laurenolson/Documents/phd/EVA/backend/src/main/java/com/ego/ethicai/repository/PracticeSessionChoiceRepository.java
/Users/laurenolson/Documents/phd/EVA/backend/src/main/java/com/ego/ethicai/dto/ActivationResponseDTO.java
/Users/laurenolson/Documents/phd/EVA/backend/src/main/java/com/ego/ethicai/service/Impl/PracticeScoreServiceImpl.java
/Users/laurenolson/Documents/phd/EVA/backend/src/main/java/com/ego/ethicai/entity/Conversation.java
/Users/laurenolson/Documents/phd/EVA/backend/src/main/java/it/gdorsi/openaiclient/dto/RunRequestDTO.java
/Users/laurenolson/Documents/phd/EVA/backend/src/main/java/com/ego/ethicai/exception/ResourceNotFoundException.java
/Users/laurenolson/Documents/phd/EVA/backend/src/main/java/it/gdorsi/openaiclient/dto/ThreadResponseDTO.java
/Users/laurenolson/Documents/phd/EVA/backend/src/main/java/com/ego/ethicai/dto/ConversationResponseDTO.java
/Users/laurenolson/Documents/phd/EVA/backend/src/main/java/com/ego/ethicai/entity/Feedback.java
/Users/laurenolson/Documents/phd/EVA/backend/src/main/java/com/ego/ethicai/controller/ConversationController.java
/Users/laurenolson/Documents/phd/EVA/backend/src/main/java/com/ego/ethicai/service/Impl/UserServiceImpl.java
/Users/laurenolson/Documents/phd/EVA/backend/src/main/java/com/ego/ethicai/dto/RagArtifactDTO.java
/Users/laurenolson/Documents/phd/EVA/backend/src/main/java/com/ego/ethicai/config/OAuth2LoginSuccessHandler.java
/Users/laurenolson/Documents/phd/EVA/backend/src/main/java/com/ego/ethicai/service/Impl/AIServiceImpl.java
/Users/laurenolson/Documents/phd/EVA/backend/src/main/java/com/ego/ethicai/controller/HealthController.java
/Users/laurenolson/Documents/phd/EVA/backend/src/main/java/it/gdorsi/openaiclient/dto/MessageDTO.java
/Users/laurenolson/Documents/phd/EVA/backend/src/main/java/com/ego/ethicai/dto/practice/PracticeSessionRequestDTO.java
/Users/laurenolson/Documents/phd/EVA/backend/src/main/java/com/ego/ethicai/repository/PracticeScoreRepository.java
/Users/laurenolson/Documents/phd/EVA/backend/src/main/java/com/ego/ethicai/dto/ConversationRequestDTO.java
/Users/laurenolson/Documents/phd/EVA/backend/src/main/java/com/ego/ethicai/service/Impl/AuthServiceImpl.java
/Users/laurenolson/Documents/phd/EVA/backend/src/main/java/com/ego/ethicai/entity/PracticeTacticsFlag.java
/Users/laurenolson/Documents/phd/EVA/backend/src/main/java/com/ego/ethicai/dto/RagArtifactsResponseDTO.java
/Users/laurenolson/Documents/phd/EVA/backend/src/main/java/com/ego/ethicai/enums/ManagerTypes.java
/Users/laurenolson/Documents/phd/EVA/backend/src/main/java/com/ego/ethicai/service/ConversationService.java
/Users/laurenolson/Documents/phd/EVA/backend/src/main/java/com/ego/ethicai/service/EvaLLMClient.java
/Users/laurenolson/Documents/phd/EVA/backend/src/main/java/com/ego/ethicai/security/jwt/JwtRequestFilter.java
/Users/laurenolson/Documents/phd/EVA/backend/src/main/java/com/ego/ethicai/dto/AIResponseDTO.java
/Users/laurenolson/Documents/phd/EVA/backend/src/main/java/com/ego/ethicai/exception/BaseException.java
/Users/laurenolson/Documents/phd/EVA/backend/src/main/java/it/gdorsi/openaiclient/dto/RunResponseDTO.java
/Users/laurenolson/Documents/phd/EVA/backend/src/main/java/com/ego/ethicai/service/ActivationTokenService.java
/Users/laurenolson/Documents/phd/EVA/backend/src/main/java/com/ego/ethicai/dto/practice/DecisionTreeAlternativeDTO.java
/Users/laurenolson/Documents/phd/EVA/backend/src/main/java/com/ego/ethicai/repository/UserRepository.java
/Users/laurenolson/Documents/phd/EVA/backend/src/main/java/com/ego/ethicai/config/CurrentUserArgumentResolver.java
/Users/laurenolson/Documents/phd/EVA/backend/src/main/java/com/ego/ethicai/dto/LoginRequestDTO.java
/Users/laurenolson/Documents/phd/EVA/backend/src/main/java/com/ego/ethicai/dto/scenario/ScenarioChoiceRequestDTO.java
/Users/laurenolson/Documents/phd/EVA/backend/src/main/java/it/gdorsi/openaiclient/AssistantAIClient.java
/Users/laurenolson/Documents/phd/EVA/backend/src/main/java/com/ego/ethicai/dto/RagArtifactsRequestDTO.java
/Users/laurenolson/Documents/phd/EVA/backend/src/main/java/com/ego/ethicai/repository/PracticeTacticsFlagRepository.java
/Users/laurenolson/Documents/phd/EVA/backend/src/main/java/com/ego/ethicai/service/ConversationContentService.java
/Users/laurenolson/Documents/phd/EVA/backend/src/main/java/com/ego/ethicai/dto/practice/DecisionTreeStepDTO.java
/Users/laurenolson/Documents/phd/EVA/backend/src/main/java/com/ego/ethicai/util/DateUtil.java
/Users/laurenolson/Documents/phd/EVA/backend/src/main/java/com/ego/ethicai/controller/DebugController.java
/Users/laurenolson/Documents/phd/EVA/backend/src/main/java/com/ego/ethicai/dto/practice/PracticeChoiceDTO.java
/Users/laurenolson/Documents/phd/EVA/backend/src/main/java/com/ego/ethicai/config/SwaggerConfig.java
/Users/laurenolson/Documents/phd/EVA/backend/src/main/java/it/gdorsi/openaiclient/model/GPTModel.java
/Users/laurenolson/Documents/phd/EVA/backend/src/main/java/com/ego/ethicai/repository/PracticeSessionRepository.java
/Users/laurenolson/Documents/phd/EVA/backend/src/main/java/com/ego/ethicai/controller/PracticeScoreController.java
/Users/laurenolson/Documents/phd/EVA/backend/src/main/java/com/ego/ethicai/dto/ManagerTypeQuizResponseDTO.java
/Users/laurenolson/Documents/phd/EVA/backend/src/main/java/com/ego/ethicai/dto/PracticeScoreResponseDTO.java
/Users/laurenolson/Documents/phd/EVA/backend/src/main/java/com/ego/ethicai/service/Impl/ConversationServiceImpl.java
/Users/laurenolson/Documents/phd/EVA/backend/src/main/java/com/ego/ethicai/service/AgentServiceClient.java
/Users/laurenolson/Documents/phd/EVA/backend/src/main/java/com/ego/ethicai/controller/ConversationContentController.java
/Users/laurenolson/Documents/phd/EVA/backend/src/main/java/com/ego/ethicai/dto/ActivationRequestDTO.java
/Users/laurenolson/Documents/phd/EVA/backend/src/main/java/com/ego/ethicai/config/SecurityConfig.java
/Users/laurenolson/Documents/phd/EVA/backend/src/main/java/com/ego/ethicai/entity/RagArtifact.java
/Users/laurenolson/Documents/phd/EVA/backend/src/main/java/com/ego/ethicai/service/Impl/ConversationContentServiceImpl.java
/Users/laurenolson/Documents/phd/EVA/backend/src/main/java/com/ego/ethicai/dto/scenario/ScenarioSessionRequestDTO.java
/Users/laurenolson/Documents/phd/EVA/backend/src/main/java/com/ego/ethicai/dto/UserDTO.java
